{"OP":"avg","PRINT":true,"EXPORT":null,"LIST_TABLES":null,"DECODE_FLAGS":null,"ENCODE_FLAGS":null,"ENCODE_RESULTS":null,"INT_FILTERS":null,"STR_FILTERS":null,"STR_REPLACE":null,"SET_FILTERS":null,"SESSION_COL":null,"INTS":"foo,bar","STRS":null,"GROUPS":"a,b,c","DISTINCT":null,"ADD_RECORDS":null,"TIME":null,"TIME_COL":"time","TIME_BUCKET":3600,"HIST_BUCKET":null,"HDR_HIST":null,"LOG_HIST":null,"FIELD_SEPARATOR":",","FILTER_SEPARATOR":":","PRINT_KEYS":null,"LOAD_AND_QUERY":true,"LOAD_THEN_QUERY":null,"READ_INGESTION_LOG":null,"READ_ROWSTORE":null,"SKIP_COMPACT":null,"PROFILE":null,"PROFILE_MEM":null,"RECYCLE_MEM":true,"CACHED_QUERIES":null,"WEIGHT_COL":null,"LIMIT":100,"DEBUG":null,"JSON":null,"GC":true,"DIR":"./db/","SORT":"$COUNT","PRUNE_BY":"$COUNT","TABLE":"testable","PRINT_INFO":null,"SAMPLES":null,"LUA":null,"LUAFILE":null,"UPDATE_TABLE_INFO":null,"SKIP_OUTLIERS":true,"JOIN_TABLE":null,"JOIN_KEY":null,"JOIN_GROUP":null,"SESSION_CUTOFF":null,"RETENTION":null,"PATH_KEY":null,"PATH_LENGTH":null,"ANOVA_ICC":null}